// Jest Snapshot v1, https://goo.gl/fbAQLP

exports[`should render demo and match snapshot 1`] = `
<main>
  <k-flex
    gap="md"
    style="padding-bottom: 16px"
    vertical="{{true}}"
  >
    <demo-block
      title="尺寸"
    >
      <k-space>
        <k-loading
          size="sm"
        />
        <k-loading />
        <k-loading
          size="lg"
        />
      </k-space>
    </demo-block>
    <demo-block
      title="主题"
    >
      <k-space>
        <k-loading />
        <k-loading
          color="primary"
        />
        <k-loading
          color="success"
        />
        <k-loading
          color="warning"
        />
        <k-loading
          color="danger"
        />
      </k-space>
    </demo-block>
    <demo-block
      title="标签"
    >
      <k-space>
        <k-loading
          label="加载中..."
        />
      </k-space>
    </demo-block>
    <demo-block
      title="垂直布局"
    >
      <k-space>
        <k-loading
          label="加载中"
          vertical="{{true}}"
        />
      </k-space>
    </demo-block>
    <demo-block
      title="标签颜色"
    >
      <k-space>
        <k-loading
          label="加载中"
          vertical="{{true}}"
        />
        <k-loading
          color="primary"
          label="加载中"
          vertical="{{true}}"
        />
      </k-space>
    </demo-block>
  </k-flex>
</main>
`;
