// Jest Snapshot v1, https://goo.gl/fbAQLP

exports[`icon should render icon and match snapshot 1`] = `
<wx-view
  class="k-icon k-class"
  id=""
  style=""
  bind:tap="onTap"
/>
`;
