// Jest Snapshot v1, https://goo.gl/fbAQLP

exports[`transition should render transition add match snapshot 1`] = `
<wx-view
  class="k-transition  k-class"
  id=""
  style="display: none"
  bind:transitionend="onTransitionEnd"
/>
`;
