// Jest Snapshot v1, https://goo.gl/fbAQLP

exports[`space should render space and match snapshot 1`] = `
<wx-view
  class="k-space k-class"
  id=""
  style=""
/>
`;
